npx : FAIL src/tests/integ
ration/health.test.js
At line:1 char:1
+ npx jest --no-coverage s
rc/tests/integration/healt
h.test.js > test_ou ...
+ ~~~~~~~~~~~~~~~~~~~~~~~~
~~~~~~~~~~~~~~~~~~~~~~~~~~
~~~~~~~~~~~~~~~~~~~
    + CategoryInfo        
      : NotSpecified: (F  
  AIL src/tests/.../hea   
 lth.test.js:String) [    
], RemoteException
    + FullyQualifiedError 
   Id : NativeCommandErr  
  or
 
  ΓùÅ Test suite failed 
to run

    Jest encountered an 
unexpected token

    Jest failed to parse 
a file. This happens e.g. 
when your code or its 
dependencies use 
non-standard JavaScript 
syntax, or when Jest is 
not configured to support 
such syntax.

    Out of the box Jest 
supports Babel, which 
will be used to transform 
your files into valid JS 
based on your Babel 
configuration.

    By default 
"node_modules" folder is 
ignored by transformers.

    Here's what you can 
do:
     ΓÇó If you are 
trying to use ECMAScript 
Modules, see https://jestj
s.io/docs/ecmascript-modul
es for how to enable it.
     ΓÇó If you are 
trying to use TypeScript, 
see https://jestjs.io/docs
/getting-started#using-typ
escript
     ΓÇó To have some of 
your "node_modules" files 
transformed, you can 
specify a custom 
"transformIgnorePatterns" 
in your config.
     ΓÇó If you need a 
custom transformation 
specify a "transform" 
option in your config.
     ΓÇó If you simply 
want to mock your non-JS 
modules (e.g. binary 
assets) you can stub them 
out with the 
"moduleNameMapper" config 
option.

    You'll find more 
details and examples of 
these config options in 
the docs:
    https://jestjs.io/docs
/configuration
    For information about 
custom transformations, 
see:
    https://jestjs.io/docs
/code-transformation

    Details:

    SyntaxError: D:\Amrita
\SEM_6\Nalas_Rest_Backend\
nalas-backend\src\modules\
orders\controller.js: 
Identifier 'result' has 
already been declared. 
(78:12)

    [0m [90m 76 |[39m  
       req[33m.[39muser
[33m?[39m[33m.[39mid 
[33m||[39m 
[36mnull[39m
     [90m 77 |[39m      
 )[33m;[39m
    
[31m[1m>[22m[39m[90m 
78 |[39m       
[36mconst[39m result 
[33m=[39m 
[36mawait[39m orderServi
ce[33m.[39mupdateOrderSt
atus(req[33m.[39mparams
[33m.[39mid[33m,[39m re
q[33m.[39mbody[33m.[39
mstatus)[33m;[39m
     [90m    |[39m      
       
[31m[1m^[22m[39m
     [90m 79 |[39m
     [90m 80 |[39m      
 res[33m.[39mjson({
     [90m 81 |[39m      
   success[33m:[39m [36
mtrue[39m[33m,[39m[0m

    [0m [90m 1 |[39m 
[36mconst[39m express 
[33m=[39m require([32m'
express'[39m)[33m;[39m
    
[31m[1m>[22m[39m[90m 
2 |[39m [36mconst[39m 
orderController 
[33m=[39m require([32m'
./controller'[39m)[33m;
[39m
     [90m   |[39m       
                  
[31m[1m^[22m[39m
     [90m 3 |[39m 
[36mconst[39m { 
validate } [33m=[39m req
uire([32m'../../middlewar
es/validate.middleware'[3
9m)[33m;[39m
     [90m 4 |[39m 
[36mconst[39m { 
authenticate } 
[33m=[39m require([32m'
../../middlewares/auth.mid
dleware'[39m)[33m;[39m
     [90m 5 |[39m 
[36mconst[39m { 
requireRole } [33m=[39m 
require([32m'../../middle
wares/rbac.middleware'[39
m)[33m;[39m[0m

      at constructor (node
_modules/@babel/parser/src
/parse-error.ts:95:45)
      at 
Parser.toParseError [as 
raise] (node_modules/@babe
l/parser/src/tokenizer/ind
ex.ts:1504:19)
      at 
ScopeHandler.raise [as che
ckRedeclarationInScope] (n
ode_modules/@babel/parser/
src/util/scope.ts:164:19)
      at ScopeHandler.chec
kRedeclarationInScope [as 
declareName] (node_modules
/@babel/parser/src/util/sc
ope.ts:118:12)
      at 
Parser.declareName [as dec
lareNameFromIdentifier] (n
ode_modules/@babel/parser/
src/parser/lval.ts:876:16)
      at Parser.declareNam
eFromIdentifier [as 
checkIdentifier] (node_mod
ules/@babel/parser/src/par
ser/lval.ts:871:12)
      at 
Parser.checkIdentifier 
[as checkLVal] (node_modul
es/@babel/parser/src/parse
r/lval.ts:763:12)
      at Parser.checkLVal 
[as parseVarId] (node_modu
les/@babel/parser/src/pars
er/statement.ts:1633:10)
      at 
Parser.parseVarId [as 
parseVar] (node_modules/@b
abel/parser/src/parser/sta
tement.ts:1582:12)
      at Parser.parseVar 
[as parseVarStatement] (no
de_modules/@babel/parser/s
rc/parser/statement.ts:125
1:10)
      at 
Parser.parseVarStatement 
[as 
parseStatementContent] (no
de_modules/@babel/parser/s
rc/parser/statement.ts:612
:21)
      at Parser.parseState
mentContent [as 
parseStatementLike] (node_
modules/@babel/parser/src/
parser/statement.ts:482:17
)
      at 
Parser.parseStatementLike 
[as 
parseStatementListItem] (n
ode_modules/@babel/parser/
src/parser/statement.ts:43
1:17)
      at Parser.parseState
mentListItem [as parseBloc
kOrModuleBlockBody] (node_
modules/@babel/parser/src/
parser/statement.ts:1444:1
6)
      at Parser.parseBlock
OrModuleBlockBody [as 
parseBlockBody] (node_modu
les/@babel/parser/src/pars
er/statement.ts:1417:10)
      at 
Parser.parseBlockBody [as 
parseBlock] (node_modules/
@babel/parser/src/parser/s
tatement.ts:1385:10)
      at 
Parser.parseBlock [as 
parseTryStatement] (node_m
odules/@babel/parser/src/p
arser/statement.ts:1205:23
)
      at 
Parser.parseTryStatement 
[as 
parseStatementContent] (no
de_modules/@babel/parser/s
rc/parser/statement.ts:549
:21)
      at Parser.parseState
mentContent [as 
parseStatementLike] (node_
modules/@babel/parser/src/
parser/statement.ts:482:17
)
      at 
Parser.parseStatementLike 
[as 
parseStatementListItem] (n
ode_modules/@babel/parser/
src/parser/statement.ts:43
1:17)
      at Parser.parseState
mentListItem [as parseBloc
kOrModuleBlockBody] (node_
modules/@babel/parser/src/
parser/statement.ts:1444:1
6)
      at Parser.parseBlock
OrModuleBlockBody [as 
parseBlockBody] (node_modu
les/@babel/parser/src/pars
er/statement.ts:1417:10)
      at 
Parser.parseBlockBody [as 
parseBlock] (node_modules/
@babel/parser/src/parser/s
tatement.ts:1385:10)
      at 
Parser.parseBlock [as 
parseFunctionBody] (node_m
odules/@babel/parser/src/p
arser/expression.ts:2621:2
4)
      at 
Parser.parseFunctionBody 
[as parseFunctionBodyAndFi
nish] (node_modules/@babel
/parser/src/parser/express
ion.ts:2590:10)
      at Parser.parseFunct
ionBodyAndFinish [as 
parseMethod] (node_modules
/@babel/parser/src/parser/
expression.ts:2495:31)
      at 
Parser.parseMethod [as 
pushClassMethod] (node_mod
ules/@babel/parser/src/par
ser/statement.ts:2244:12)
      at 
Parser.pushClassMethod 
[as parseClassMemberWithIs
Static] (node_modules/@bab
el/parser/src/parser/state
ment.ts:2065:14)
      at Parser.parseClass
MemberWithIsStatic [as 
parseClassMember] (node_mo
dules/@babel/parser/src/pa
rser/statement.ts:1938:10)
      at parseClassMember 
(node_modules/@babel/parse
r/src/parser/statement.ts:
1851:14)
      at Parser.callback 
[as withSmartMixTopicForbi
ddingContext] (node_module
s/@babel/parser/src/parser
/expression.ts:3171:14)
      at Parser.withSmartM
ixTopicForbiddingContext 
[as parseClassBody] (node_
modules/@babel/parser/src/
parser/statement.ts:1823:1
0)
      at 
Parser.parseClassBody [as 
parseClass] (node_modules/
@babel/parser/src/parser/s
tatement.ts:1774:22)
      at 
Parser.parseClass [as 
parseStatementContent] (no
de_modules/@babel/parser/s
rc/parser/statement.ts:532
:21)
      at Parser.parseState
mentContent [as 
parseStatementLike] (node_
modules/@babel/parser/src/
parser/statement.ts:482:17
)
      at 
Parser.parseStatementLike 
[as parseModuleItem] (node
_modules/@babel/parser/src
/parser/statement.ts:419:1
7)
      at 
Parser.parseModuleItem 
[as parseBlockOrModuleBloc
kBody] (node_modules/@babe
l/parser/src/parser/statem
ent.ts:1443:16)
      at Parser.parseBlock
OrModuleBlockBody [as 
parseBlockBody] (node_modu
les/@babel/parser/src/pars
er/statement.ts:1417:10)
      at 
Parser.parseBlockBody [as 
parseProgram] (node_module
s/@babel/parser/src/parser
/statement.ts:229:10)
      at 
Parser.parseProgram [as 
parseTopLevel] (node_modul
es/@babel/parser/src/parse
r/statement.ts:203:25)
      at 
Parser.parseTopLevel [as 
parse] (node_modules/@babe
l/parser/src/parser/index.
ts:83:25)
      at parse (node_modul
es/@babel/parser/src/index
.ts:86:38)
      at parser (node_modu
les/@babel/core/src/parser
/index.ts:29:19)
          at parser.next 
(<anonymous>)
      at normalizeFile (no
de_modules/@babel/core/src
/transformation/normalize-
file.ts:50:24)
          at 
normalizeFile.next 
(<anonymous>)
      at run (node_modules
/@babel/core/src/transform
ation/index.ts:41:36)
          at run.next 
(<anonymous>)
      at transform (node_m
odules/@babel/core/src/tra
nsform.ts:29:20)
          at 
transform.next 
(<anonymous>)
      at evaluateSync (nod
e_modules/gensync/index.js
:251:28)
      at sync (node_module
s/gensync/index.js:89:14)
      at fn (node_modules/
@babel/core/src/errors/rew
rite-stack-trace.ts:99:14)
      at transformSync (no
de_modules/@babel/core/src
/transform.ts:66:52)
      at ScriptTransformer
.transformSource (node_mod
ules/@jest/transform/build
/ScriptTransformer.js:545:
31)
      at ScriptTransformer
._transformAndBuildScript 
(node_modules/@jest/transf
orm/build/ScriptTransforme
r.js:674:40)
      at ScriptTransformer
.transform (node_modules/@
jest/transform/build/Scrip
tTransformer.js:726:19)
      at Object.require (s
rc/modules/orders/routes.j
s:2:25)
      at Object.require 
(src/app.js:53:27)
      at Object.require (s
rc/tests/integration/healt
h.test.js:4:13)

Test Suites: 1 failed, 1 
total
Tests:       0 total
Snapshots:   0 total
Time:        1.319 s
Ran all test suites 
matching /src\\tests\\inte
gration\\health.test.js/i.
